import _frozen_importlib # frozen
import _imp # builtin
import '_thread' # <class '_frozen_importlib.BuiltinImporter'>
import '_warnings' # <class '_frozen_importlib.BuiltinImporter'>
import '_weakref' # <class '_frozen_importlib.BuiltinImporter'>
import '_io' # <class '_frozen_importlib.BuiltinImporter'>
import 'marshal' # <class '_frozen_importlib.BuiltinImporter'>
import 'posix' # <class '_frozen_importlib.BuiltinImporter'>
import '_frozen_importlib_external' # <class '_frozen_importlib.FrozenImporter'>
# installing zipimport hook
import 'time' # <class '_frozen_importlib.BuiltinImporter'>
import 'zipimport' # <class '_frozen_importlib.FrozenImporter'>
# installed zipimport hook
# /home/reed/.local/share/uv/python/cpython-3.11.14-linux-x86_64-gnu/lib/python3.11/encodings/__pycache__/__init__.cpython-311.pyc matches /home/reed/.local/share/uv/python/cpython-3.11.14-linux-x86_64-gnu/lib/python3.11/encodings/__init__.py
# code object from '/home/reed/.local/share/uv/python/cpython-3.11.14-linux-x86_64-gnu/lib/python3.11/encodings/__pycache__/__init__.cpython-311.pyc'
import '_codecs' # <class '_frozen_importlib.BuiltinImporter'>
import 'codecs' # <class '_frozen_importlib.FrozenImporter'>
# /home/reed/.local/share/uv/python/cpython-3.11.14-linux-x86_64-gnu/lib/python3.11/encodings/__pycache__/aliases.cpython-311.pyc matches /home/reed/.local/share/uv/python/cpython-3.11.14-linux-x86_64-gnu/lib/python3.11/encodings/aliases.py
# code object from '/home/reed/.local/share/uv/python/cpython-3.11.14-linux-x86_64-gnu/lib/python3.11/encodings/__pycache__/aliases.cpython-311.pyc'
import 'encodings.aliases' # <_frozen_importlib_external.SourceFileLoader object at 0x7f23989e6750>
import 'encodings' # <_frozen_importlib_external.SourceFileLoader object at 0x7f23989dab90>
# /home/reed/.local/share/uv/python/cpython-3.11.14-linux-x86_64-gnu/lib/python3.11/encodings/__pycache__/utf_8.cpython-311.pyc matches /home/reed/.local/share/uv/python/cpython-3.11.14-linux-x86_64-gnu/lib/python3.11/encodings/utf_8.py
# code object from '/home/reed/.local/share/uv/python/cpython-3.11.14-linux-x86_64-gnu/lib/python3.11/encodings/__pycache__/utf_8.cpython-311.pyc'
import 'encodings.utf_8' # <_frozen_importlib_external.SourceFileLoader object at 0x7f23989db390>
import '_signal' # <class '_frozen_importlib.BuiltinImporter'>
import '_abc' # <class '_frozen_importlib.BuiltinImporter'>
import 'abc' # <class '_frozen_importlib.FrozenImporter'>
import 'io' # <class '_frozen_importlib.FrozenImporter'>
import '_stat' # <class '_frozen_importlib.BuiltinImporter'>
import 'stat' # <class '_frozen_importlib.FrozenImporter'>
import '_collections_abc' # <class '_frozen_importlib.FrozenImporter'>
import 'genericpath' # <class '_frozen_importlib.FrozenImporter'>
import 'posixpath' # <class '_frozen_importlib.FrozenImporter'>
import 'os' # <class '_frozen_importlib.FrozenImporter'>
import '_sitebuiltins' # <class '_frozen_importlib.FrozenImporter'>
Processing global site-packages
Adding directory: '/home/reed/Documents/dev/projects/finnish-inflection-cli/.venv/lib/python3.11/site-packages'
Processing .pth file: '/home/reed/Documents/dev/projects/finnish-inflection-cli/.venv/lib/python3.11/site-packages/_virtualenv.pth'
# /home/reed/Documents/dev/projects/finnish-inflection-cli/.venv/lib/python3.11/site-packages/__pycache__/_virtualenv.cpython-311.pyc matches /home/reed/Documents/dev/projects/finnish-inflection-cli/.venv/lib/python3.11/site-packages/_virtualenv.py
# code object from '/home/reed/Documents/dev/projects/finnish-inflection-cli/.venv/lib/python3.11/site-packages/__pycache__/_virtualenv.cpython-311.pyc'
import '_virtualenv' # <_frozen_importlib_external.SourceFileLoader object at 0x7f239880e3d0>
Processing user site-packages
Processing global site-packages
Adding directory: '/home/reed/Documents/dev/projects/finnish-inflection-cli/.venv/lib/python3.11/site-packages'
Processing .pth file: '/home/reed/Documents/dev/projects/finnish-inflection-cli/.venv/lib/python3.11/site-packages/_virtualenv.pth'
import 'site' # <class '_frozen_importlib.FrozenImporter'>
Python 3.11.14 (main, Dec 17 2025, 21:07:37) [Clang 21.1.4 ] on linux
Type "help", "copyright", "credits" or "license" for more information.
# clear builtins._
# clear sys.path
# clear sys.argv
# clear sys.ps1
# clear sys.ps2
# clear sys.last_type
# clear sys.last_value
# clear sys.last_traceback
# clear sys.path_hooks
# clear sys.path_importer_cache
# clear sys.meta_path
# clear sys.__interactivehook__
# restore sys.stdin
# restore sys.stdout
# restore sys.stderr
# cleanup[2] removing sys
# cleanup[2] removing builtins
# cleanup[2] removing _frozen_importlib
# cleanup[2] removing _imp
# cleanup[2] removing _thread
# cleanup[2] removing _warnings
# cleanup[2] removing _weakref
# cleanup[2] removing _io
# cleanup[2] removing marshal
# cleanup[2] removing posix
# cleanup[2] removing _frozen_importlib_external
# cleanup[2] removing time
# cleanup[2] removing zipimport
# destroy zipimport
# cleanup[2] removing _codecs
# cleanup[2] removing codecs
# cleanup[2] removing encodings.aliases
# cleanup[2] removing encodings
# destroy encodings
# cleanup[2] removing encodings.utf_8
# cleanup[2] removing _signal
# cleanup[2] removing _abc
# cleanup[2] removing abc
# cleanup[2] removing io
# cleanup[2] removing __main__
# destroy __main__
# cleanup[2] removing _stat
# cleanup[2] removing stat
# cleanup[2] removing _collections_abc
# destroy _collections_abc
# cleanup[2] removing genericpath
# cleanup[2] removing posixpath
# cleanup[2] removing os.path
# cleanup[2] removing os
# cleanup[2] removing _sitebuiltins
# cleanup[2] removing _virtualenv
# destroy _virtualenv
# cleanup[2] removing site
# destroy site
# destroy _signal
# destroy _sitebuiltins
# destroy io
# cleanup[3] wiping os
# destroy abc
# destroy posixpath
# cleanup[3] wiping genericpath
# cleanup[3] wiping stat
# cleanup[3] wiping _stat
# destroy _stat
# cleanup[3] wiping _abc
# cleanup[3] wiping encodings.utf_8
# cleanup[3] wiping encodings.aliases
# cleanup[3] wiping codecs
# cleanup[3] wiping _codecs
# cleanup[3] wiping time
# cleanup[3] wiping _frozen_importlib_external
# cleanup[3] wiping posix
# cleanup[3] wiping marshal
# cleanup[3] wiping _io
# cleanup[3] wiping _weakref
# cleanup[3] wiping _warnings
# cleanup[3] wiping _thread
# cleanup[3] wiping _imp
# cleanup[3] wiping _frozen_importlib
# destroy _weakref
# cleanup[3] wiping sys
# cleanup[3] wiping builtins
# destroy _thread
# destroy _frozen_importlib_external
# destroy _imp
# destroy io
# destroy marshal
# destroy time
# destroy _warnings
# destroy os
# destroy stat
# destroy genericpath
# destroy posix
# destroy _abc
# destroy _frozen_importlib
# destroy codecs
# destroy sys
# destroy encodings.aliases
# destroy encodings.utf_8
# destroy _codecs
# destroy builtins
# clear sys.audit hooks
